Archive member included to satisfy reference by file (symbol)

f:/programs2/7.0/toolchain/avr8/avr8-gnu-toolchain/bin/../lib/gcc/avr/5.4.0/avr5\libgcc.a(_exit.o)
                              F:/Programs2/7.0/Packs/atmel/ATmega_DFP/1.6.364/gcc/dev/atmega32/avr5/crtatmega32.o (exit)
f:/programs2/7.0/toolchain/avr8/avr8-gnu-toolchain/bin/../lib/gcc/avr/5.4.0/avr5\libgcc.a(_copy_data.o)
                              APP/Traffic_Program.o (__do_copy_data)
f:/programs2/7.0/toolchain/avr8/avr8-gnu-toolchain/bin/../lib/gcc/avr/5.4.0/avr5\libgcc.a(_clear_bss.o)
                              APP/Traffic_Program.o (__do_clear_bss)
f:/programs2/7.0/toolchain/avr8/avr8-gnu-toolchain/bin/../lib/gcc/avr/5.4.0/avr5\libgcc.a(_umulhisi3.o)
                              APP/Traffic_Program.o (__umulhisi3)
f:/programs2/7.0/toolchain/avr8/avr8-gnu-toolchain/bin/../lib/gcc/avr/5.4.0/avr5\libgcc.a(_muluhisi3.o)
                              MCAL/TIMRE/TIMER_Program.o (__muluhisi3)

Allocating common symbols
Common symbol       size              file

carLedState         0x1               APP/Traffic_Program.o

Discarded input sections

 .data          0x00000000        0x0 F:/Programs2/7.0/Packs/atmel/ATmega_DFP/1.6.364/gcc/dev/atmega32/avr5/crtatmega32.o
 .bss           0x00000000        0x0 F:/Programs2/7.0/Packs/atmel/ATmega_DFP/1.6.364/gcc/dev/atmega32/avr5/crtatmega32.o
 .text          0x00000000        0x0 APP/Traffic_Program.o
 .data          0x00000000        0x0 APP/Traffic_Program.o
 .bss           0x00000000        0x0 APP/Traffic_Program.o
 .bss.counter   0x00000000        0x1 APP/Traffic_Program.o
 .bss.button_status
                0x00000000        0x1 APP/Traffic_Program.o
 .text          0x00000000        0x0 HAL/BUTTON/BUTTON_Program.o
 .data          0x00000000        0x0 HAL/BUTTON/BUTTON_Program.o
 .bss           0x00000000        0x0 HAL/BUTTON/BUTTON_Program.o
 .text.Button_read
                0x00000000       0x20 HAL/BUTTON/BUTTON_Program.o
 .debug_info    0x00000000      0x1c9 HAL/BUTTON/BUTTON_Program.o
 .debug_abbrev  0x00000000       0xb2 HAL/BUTTON/BUTTON_Program.o
 .debug_loc     0x00000000       0x69 HAL/BUTTON/BUTTON_Program.o
 .debug_aranges
                0x00000000       0x20 HAL/BUTTON/BUTTON_Program.o
 .debug_ranges  0x00000000       0x10 HAL/BUTTON/BUTTON_Program.o
 .debug_line    0x00000000       0x84 HAL/BUTTON/BUTTON_Program.o
 .debug_str     0x00000000      0x2dc HAL/BUTTON/BUTTON_Program.o
 .comment       0x00000000       0x31 HAL/BUTTON/BUTTON_Program.o
 .debug_frame   0x00000000       0x34 HAL/BUTTON/BUTTON_Program.o
 .text          0x00000000        0x0 HAL/LED/LED_Program.o
 .data          0x00000000        0x0 HAL/LED/LED_Program.o
 .bss           0x00000000        0x0 HAL/LED/LED_Program.o
 .text          0x00000000        0x0 main.o
 .data          0x00000000        0x0 main.o
 .bss           0x00000000        0x0 main.o
 .text          0x00000000        0x0 MCAL/DIO/DIO_Lcfg.o
 .data          0x00000000        0x0 MCAL/DIO/DIO_Lcfg.o
 .bss           0x00000000        0x0 MCAL/DIO/DIO_Lcfg.o
 .text          0x00000000        0x0 MCAL/DIO/DIO_Program.o
 .data          0x00000000        0x0 MCAL/DIO/DIO_Program.o
 .bss           0x00000000        0x0 MCAL/DIO/DIO_Program.o
 .text.DIO_ReadPin
                0x00000000       0x7c MCAL/DIO/DIO_Program.o
 .text          0x00000000        0x0 MCAL/EXTI/EXTI_Program.o
 .data          0x00000000        0x0 MCAL/EXTI/EXTI_Program.o
 .bss           0x00000000        0x0 MCAL/EXTI/EXTI_Program.o
 .text.EXI_Disable
                0x00000000       0x24 MCAL/EXTI/EXTI_Program.o
 .text          0x00000000        0x0 MCAL/TIMRE/TIMER_Program.o
 .data          0x00000000        0x0 MCAL/TIMRE/TIMER_Program.o
 .bss           0x00000000        0x0 MCAL/TIMRE/TIMER_Program.o
 .text.Timer0_DelayMs
                0x00000000       0x5a MCAL/TIMRE/TIMER_Program.o
 .text.Timer0_OV_InterruptEnable
                0x00000000        0x8 MCAL/TIMRE/TIMER_Program.o
 .text.Timer0_OV_InterruptDisable
                0x00000000        0x8 MCAL/TIMRE/TIMER_Program.o
 .text.Timer0_OC_InterruptEnable
                0x00000000        0x8 MCAL/TIMRE/TIMER_Program.o
 .text.Timer0_OC_InterruptDisable
                0x00000000        0x8 MCAL/TIMRE/TIMER_Program.o
 .text.Timer0_OVF_SetCallBack
                0x00000000        0xa MCAL/TIMRE/TIMER_Program.o
 .text.Timer0_Oc_SetCallBack
                0x00000000        0xa MCAL/TIMRE/TIMER_Program.o
 .text          0x00000000        0x0 MCAL/WDT/WDT_Program.o
 .data          0x00000000        0x0 MCAL/WDT/WDT_Program.o
 .bss           0x00000000        0x0 MCAL/WDT/WDT_Program.o
 .text.WDT_Set  0x00000000        0xc MCAL/WDT/WDT_Program.o
 .text.WDT_Stop
                0x00000000        0x8 MCAL/WDT/WDT_Program.o
 .debug_info    0x00000000      0x103 MCAL/WDT/WDT_Program.o
 .debug_abbrev  0x00000000       0xa3 MCAL/WDT/WDT_Program.o
 .debug_loc     0x00000000       0x40 MCAL/WDT/WDT_Program.o
 .debug_aranges
                0x00000000       0x28 MCAL/WDT/WDT_Program.o
 .debug_ranges  0x00000000       0x18 MCAL/WDT/WDT_Program.o
 .debug_line    0x00000000       0x9d MCAL/WDT/WDT_Program.o
 .debug_str     0x00000000      0x265 MCAL/WDT/WDT_Program.o
 .comment       0x00000000       0x31 MCAL/WDT/WDT_Program.o
 .debug_frame   0x00000000       0x34 MCAL/WDT/WDT_Program.o
 .text          0x00000000        0x0 f:/programs2/7.0/toolchain/avr8/avr8-gnu-toolchain/bin/../lib/gcc/avr/5.4.0/avr5\libgcc.a(_exit.o)
 .data          0x00000000        0x0 f:/programs2/7.0/toolchain/avr8/avr8-gnu-toolchain/bin/../lib/gcc/avr/5.4.0/avr5\libgcc.a(_exit.o)
 .bss           0x00000000        0x0 f:/programs2/7.0/toolchain/avr8/avr8-gnu-toolchain/bin/../lib/gcc/avr/5.4.0/avr5\libgcc.a(_exit.o)
 .text.libgcc.mul
                0x00000000        0x0 f:/programs2/7.0/toolchain/avr8/avr8-gnu-toolchain/bin/../lib/gcc/avr/5.4.0/avr5\libgcc.a(_exit.o)
 .text.libgcc.div
                0x00000000        0x0 f:/programs2/7.0/toolchain/avr8/avr8-gnu-toolchain/bin/../lib/gcc/avr/5.4.0/avr5\libgcc.a(_exit.o)
 .text.libgcc   0x00000000        0x0 f:/programs2/7.0/toolchain/avr8/avr8-gnu-toolchain/bin/../lib/gcc/avr/5.4.0/avr5\libgcc.a(_exit.o)
 .text.libgcc.prologue
                0x00000000        0x0 f:/programs2/7.0/toolchain/avr8/avr8-gnu-toolchain/bin/../lib/gcc/avr/5.4.0/avr5\libgcc.a(_exit.o)
 .text.libgcc.builtins
                0x00000000        0x0 f:/programs2/7.0/toolchain/avr8/avr8-gnu-toolchain/bin/../lib/gcc/avr/5.4.0/avr5\libgcc.a(_exit.o)
 .text.libgcc.fmul
                0x00000000        0x0 f:/programs2/7.0/toolchain/avr8/avr8-gnu-toolchain/bin/../lib/gcc/avr/5.4.0/avr5\libgcc.a(_exit.o)
 .text.libgcc.fixed
                0x00000000        0x0 f:/programs2/7.0/toolchain/avr8/avr8-gnu-toolchain/bin/../lib/gcc/avr/5.4.0/avr5\libgcc.a(_exit.o)
 .text          0x00000000        0x0 f:/programs2/7.0/toolchain/avr8/avr8-gnu-toolchain/bin/../lib/gcc/avr/5.4.0/avr5\libgcc.a(_copy_data.o)
 .data          0x00000000        0x0 f:/programs2/7.0/toolchain/avr8/avr8-gnu-toolchain/bin/../lib/gcc/avr/5.4.0/avr5\libgcc.a(_copy_data.o)
 .bss           0x00000000        0x0 f:/programs2/7.0/toolchain/avr8/avr8-gnu-toolchain/bin/../lib/gcc/avr/5.4.0/avr5\libgcc.a(_copy_data.o)
 .text.libgcc.mul
                0x00000000        0x0 f:/programs2/7.0/toolchain/avr8/avr8-gnu-toolchain/bin/../lib/gcc/avr/5.4.0/avr5\libgcc.a(_copy_data.o)
 .text.libgcc.div
                0x00000000        0x0 f:/programs2/7.0/toolchain/avr8/avr8-gnu-toolchain/bin/../lib/gcc/avr/5.4.0/avr5\libgcc.a(_copy_data.o)
 .text.libgcc   0x00000000        0x0 f:/programs2/7.0/toolchain/avr8/avr8-gnu-toolchain/bin/../lib/gcc/avr/5.4.0/avr5\libgcc.a(_copy_data.o)
 .text.libgcc.prologue
                0x00000000        0x0 f:/programs2/7.0/toolchain/avr8/avr8-gnu-toolchain/bin/../lib/gcc/avr/5.4.0/avr5\libgcc.a(_copy_data.o)
 .text.libgcc.builtins
                0x00000000        0x0 f:/programs2/7.0/toolchain/avr8/avr8-gnu-toolchain/bin/../lib/gcc/avr/5.4.0/avr5\libgcc.a(_copy_data.o)
 .text.libgcc.fmul
                0x00000000        0x0 f:/programs2/7.0/toolchain/avr8/avr8-gnu-toolchain/bin/../lib/gcc/avr/5.4.0/avr5\libgcc.a(_copy_data.o)
 .text.libgcc.fixed
                0x00000000        0x0 f:/programs2/7.0/toolchain/avr8/avr8-gnu-toolchain/bin/../lib/gcc/avr/5.4.0/avr5\libgcc.a(_copy_data.o)
 .text          0x00000000        0x0 f:/programs2/7.0/toolchain/avr8/avr8-gnu-toolchain/bin/../lib/gcc/avr/5.4.0/avr5\libgcc.a(_clear_bss.o)
 .data          0x00000000        0x0 f:/programs2/7.0/toolchain/avr8/avr8-gnu-toolchain/bin/../lib/gcc/avr/5.4.0/avr5\libgcc.a(_clear_bss.o)
 .bss           0x00000000        0x0 f:/programs2/7.0/toolchain/avr8/avr8-gnu-toolchain/bin/../lib/gcc/avr/5.4.0/avr5\libgcc.a(_clear_bss.o)
 .text.libgcc.mul
                0x00000000        0x0 f:/programs2/7.0/toolchain/avr8/avr8-gnu-toolchain/bin/../lib/gcc/avr/5.4.0/avr5\libgcc.a(_clear_bss.o)
 .text.libgcc.div
                0x00000000        0x0 f:/programs2/7.0/toolchain/avr8/avr8-gnu-toolchain/bin/../lib/gcc/avr/5.4.0/avr5\libgcc.a(_clear_bss.o)
 .text.libgcc   0x00000000        0x0 f:/programs2/7.0/toolchain/avr8/avr8-gnu-toolchain/bin/../lib/gcc/avr/5.4.0/avr5\libgcc.a(_clear_bss.o)
 .text.libgcc.prologue
                0x00000000        0x0 f:/programs2/7.0/toolchain/avr8/avr8-gnu-toolchain/bin/../lib/gcc/avr/5.4.0/avr5\libgcc.a(_clear_bss.o)
 .text.libgcc.builtins
                0x00000000        0x0 f:/programs2/7.0/toolchain/avr8/avr8-gnu-toolchain/bin/../lib/gcc/avr/5.4.0/avr5\libgcc.a(_clear_bss.o)
 .text.libgcc.fmul
                0x00000000        0x0 f:/programs2/7.0/toolchain/avr8/avr8-gnu-toolchain/bin/../lib/gcc/avr/5.4.0/avr5\libgcc.a(_clear_bss.o)
 .text.libgcc.fixed
                0x00000000        0x0 f:/programs2/7.0/toolchain/avr8/avr8-gnu-toolchain/bin/../lib/gcc/avr/5.4.0/avr5\libgcc.a(_clear_bss.o)
 .text          0x00000000        0x0 f:/programs2/7.0/toolchain/avr8/avr8-gnu-toolchain/bin/../lib/gcc/avr/5.4.0/avr5\libgcc.a(_umulhisi3.o)
 .data          0x00000000        0x0 f:/programs2/7.0/toolchain/avr8/avr8-gnu-toolchain/bin/../lib/gcc/avr/5.4.0/avr5\libgcc.a(_umulhisi3.o)
 .bss           0x00000000        0x0 f:/programs2/7.0/toolchain/avr8/avr8-gnu-toolchain/bin/../lib/gcc/avr/5.4.0/avr5\libgcc.a(_umulhisi3.o)
 .text.libgcc.div
                0x00000000        0x0 f:/programs2/7.0/toolchain/avr8/avr8-gnu-toolchain/bin/../lib/gcc/avr/5.4.0/avr5\libgcc.a(_umulhisi3.o)
 .text.libgcc   0x00000000        0x0 f:/programs2/7.0/toolchain/avr8/avr8-gnu-toolchain/bin/../lib/gcc/avr/5.4.0/avr5\libgcc.a(_umulhisi3.o)
 .text.libgcc.prologue
                0x00000000        0x0 f:/programs2/7.0/toolchain/avr8/avr8-gnu-toolchain/bin/../lib/gcc/avr/5.4.0/avr5\libgcc.a(_umulhisi3.o)
 .text.libgcc.builtins
                0x00000000        0x0 f:/programs2/7.0/toolchain/avr8/avr8-gnu-toolchain/bin/../lib/gcc/avr/5.4.0/avr5\libgcc.a(_umulhisi3.o)
 .text.libgcc.fmul
                0x00000000        0x0 f:/programs2/7.0/toolchain/avr8/avr8-gnu-toolchain/bin/../lib/gcc/avr/5.4.0/avr5\libgcc.a(_umulhisi3.o)
 .text.libgcc.fixed
                0x00000000        0x0 f:/programs2/7.0/toolchain/avr8/avr8-gnu-toolchain/bin/../lib/gcc/avr/5.4.0/avr5\libgcc.a(_umulhisi3.o)
 .text          0x00000000        0x0 f:/programs2/7.0/toolchain/avr8/avr8-gnu-toolchain/bin/../lib/gcc/avr/5.4.0/avr5\libgcc.a(_muluhisi3.o)
 .data          0x00000000        0x0 f:/programs2/7.0/toolchain/avr8/avr8-gnu-toolchain/bin/../lib/gcc/avr/5.4.0/avr5\libgcc.a(_muluhisi3.o)
 .bss           0x00000000        0x0 f:/programs2/7.0/toolchain/avr8/avr8-gnu-toolchain/bin/../lib/gcc/avr/5.4.0/avr5\libgcc.a(_muluhisi3.o)
 .text.libgcc.mul
                0x00000000       0x16 f:/programs2/7.0/toolchain/avr8/avr8-gnu-toolchain/bin/../lib/gcc/avr/5.4.0/avr5\libgcc.a(_muluhisi3.o)
 .text.libgcc.div
                0x00000000        0x0 f:/programs2/7.0/toolchain/avr8/avr8-gnu-toolchain/bin/../lib/gcc/avr/5.4.0/avr5\libgcc.a(_muluhisi3.o)
 .text.libgcc   0x00000000        0x0 f:/programs2/7.0/toolchain/avr8/avr8-gnu-toolchain/bin/../lib/gcc/avr/5.4.0/avr5\libgcc.a(_muluhisi3.o)
 .text.libgcc.prologue
                0x00000000        0x0 f:/programs2/7.0/toolchain/avr8/avr8-gnu-toolchain/bin/../lib/gcc/avr/5.4.0/avr5\libgcc.a(_muluhisi3.o)
 .text.libgcc.builtins
                0x00000000        0x0 f:/programs2/7.0/toolchain/avr8/avr8-gnu-toolchain/bin/../lib/gcc/avr/5.4.0/avr5\libgcc.a(_muluhisi3.o)
 .text.libgcc.fmul
                0x00000000        0x0 f:/programs2/7.0/toolchain/avr8/avr8-gnu-toolchain/bin/../lib/gcc/avr/5.4.0/avr5\libgcc.a(_muluhisi3.o)
 .text.libgcc.fixed
                0x00000000        0x0 f:/programs2/7.0/toolchain/avr8/avr8-gnu-toolchain/bin/../lib/gcc/avr/5.4.0/avr5\libgcc.a(_muluhisi3.o)

Memory Configuration

Name             Origin             Length             Attributes
text             0x00000000         0x00008000         xr
data             0x00800060         0x00000800         rw !x
eeprom           0x00810000         0x00000400         rw !x
fuse             0x00820000         0x00000002         rw !x
lock             0x00830000         0x00000400         rw !x
signature        0x00840000         0x00000400         rw !x
user_signatures  0x00850000         0x00000400         rw !x
*default*        0x00000000         0xffffffff

Linker script and memory map

LOAD F:/Programs2/7.0/Packs/atmel/ATmega_DFP/1.6.364/gcc/dev/atmega32/avr5/crtatmega32.o
LOAD APP/Traffic_Program.o
LOAD HAL/BUTTON/BUTTON_Program.o
LOAD HAL/LED/LED_Program.o
LOAD main.o
LOAD MCAL/DIO/DIO_Lcfg.o
LOAD MCAL/DIO/DIO_Program.o
LOAD MCAL/EXTI/EXTI_Program.o
LOAD MCAL/TIMRE/TIMER_Program.o
LOAD MCAL/WDT/WDT_Program.o
START GROUP
LOAD f:/programs2/7.0/toolchain/avr8/avr8-gnu-toolchain/bin/../lib/gcc/avr/5.4.0/../../../../avr/lib/avr5\libm.a
END GROUP
START GROUP
LOAD f:/programs2/7.0/toolchain/avr8/avr8-gnu-toolchain/bin/../lib/gcc/avr/5.4.0/avr5\libgcc.a
LOAD f:/programs2/7.0/toolchain/avr8/avr8-gnu-toolchain/bin/../lib/gcc/avr/5.4.0/../../../../avr/lib/avr5\libm.a
LOAD f:/programs2/7.0/toolchain/avr8/avr8-gnu-toolchain/bin/../lib/gcc/avr/5.4.0/../../../../avr/lib/avr5\libc.a
LOAD F:/Programs2/7.0/Packs/atmel/ATmega_DFP/1.6.364/gcc/dev/atmega32/avr5\libatmega32.a
END GROUP
                0x00000000                __TEXT_REGION_ORIGIN__ = DEFINED (__TEXT_REGION_ORIGIN__)?__TEXT_REGION_ORIGIN__:0x0
                [0x00800060]                __DATA_REGION_ORIGIN__ = DEFINED (__DATA_REGION_ORIGIN__)?__DATA_REGION_ORIGIN__:0x800060
                [0x00008000]                __TEXT_REGION_LENGTH__ = DEFINED (__TEXT_REGION_LENGTH__)?__TEXT_REGION_LENGTH__:0x20000
                [0x00000800]                __DATA_REGION_LENGTH__ = DEFINED (__DATA_REGION_LENGTH__)?__DATA_REGION_LENGTH__:0xffa0
                [0x00000400]                __EEPROM_REGION_LENGTH__ = DEFINED (__EEPROM_REGION_LENGTH__)?__EEPROM_REGION_LENGTH__:0x10000
                [0x00000002]                __FUSE_REGION_LENGTH__ = DEFINED (__FUSE_REGION_LENGTH__)?__FUSE_REGION_LENGTH__:0x400
                0x00000400                __LOCK_REGION_LENGTH__ = DEFINED (__LOCK_REGION_LENGTH__)?__LOCK_REGION_LENGTH__:0x400
                0x00000400                __SIGNATURE_REGION_LENGTH__ = DEFINED (__SIGNATURE_REGION_LENGTH__)?__SIGNATURE_REGION_LENGTH__:0x400
                0x00000400                __USER_SIGNATURE_REGION_LENGTH__ = DEFINED (__USER_SIGNATURE_REGION_LENGTH__)?__USER_SIGNATURE_REGION_LENGTH__:0x400

.hash
 *(.hash)

.dynsym
 *(.dynsym)

.dynstr
 *(.dynstr)

.gnu.version
 *(.gnu.version)

.gnu.version_d
 *(.gnu.version_d)

.gnu.version_r
 *(.gnu.version_r)

.rel.init
 *(.rel.init)

.rela.init
 *(.rela.init)

.rel.text
 *(.rel.text)
 *(.rel.text.*)
 *(.rel.gnu.linkonce.t*)

.rela.text
 *(.rela.text)
 *(.rela.text.*)
 *(.rela.gnu.linkonce.t*)

.rel.fini
 *(.rel.fini)

.rela.fini
 *(.rela.fini)

.rel.rodata
 *(.rel.rodata)
 *(.rel.rodata.*)
 *(.rel.gnu.linkonce.r*)

.rela.rodata
 *(.rela.rodata)
 *(.rela.rodata.*)
 *(.rela.gnu.linkonce.r*)

.rel.data
 *(.rel.data)
 *(.rel.data.*)
 *(.rel.gnu.linkonce.d*)

.rela.data
 *(.rela.data)
 *(.rela.data.*)
 *(.rela.gnu.linkonce.d*)

.rel.ctors
 *(.rel.ctors)

.rela.ctors
 *(.rela.ctors)

.rel.dtors
 *(.rel.dtors)

.rela.dtors
 *(.rela.dtors)

.rel.got
 *(.rel.got)

.rela.got
 *(.rela.got)

.rel.bss
 *(.rel.bss)

.rela.bss
 *(.rela.bss)

.rel.plt
 *(.rel.plt)

.rela.plt
 *(.rela.plt)

.text           0x00000000      0xad4
 *(.vectors)
 .vectors       0x00000000       0x54 F:/Programs2/7.0/Packs/atmel/ATmega_DFP/1.6.364/gcc/dev/atmega32/avr5/crtatmega32.o
                0x00000000                __vector_default
                0x00000000                __vectors
 *(.vectors)
 *(.progmem.gcc*)
                0x00000054                . = ALIGN (0x2)
                0x00000054                __trampolines_start = .
 *(.trampolines)
 .trampolines   0x00000054        0x0 linker stubs
 *(.trampolines*)
                0x00000054                __trampolines_end = .
 *libprintf_flt.a:*(.progmem.data)
 *libc.a:*(.progmem.data)
 *(.progmem*)
                0x00000054                . = ALIGN (0x2)
 *(.jumptables)
 *(.jumptables*)
 *(.lowtext)
 *(.lowtext*)
                0x00000054                __ctors_start = .
 *(.ctors)
                0x00000054                __ctors_end = .
                0x00000054                __dtors_start = .
 *(.dtors)
                0x00000054                __dtors_end = .
 SORT(*)(.ctors)
 SORT(*)(.dtors)
 *(.init0)
 .init0         0x00000054        0x0 F:/Programs2/7.0/Packs/atmel/ATmega_DFP/1.6.364/gcc/dev/atmega32/avr5/crtatmega32.o
                0x00000054                __init
 *(.init0)
 *(.init1)
 *(.init1)
 *(.init2)
 .init2         0x00000054        0xc F:/Programs2/7.0/Packs/atmel/ATmega_DFP/1.6.364/gcc/dev/atmega32/avr5/crtatmega32.o
 *(.init2)
 *(.init3)
 *(.init3)
 *(.init4)
 .init4         0x00000060       0x16 f:/programs2/7.0/toolchain/avr8/avr8-gnu-toolchain/bin/../lib/gcc/avr/5.4.0/avr5\libgcc.a(_copy_data.o)
                0x00000060                __do_copy_data
 .init4         0x00000076       0x10 f:/programs2/7.0/toolchain/avr8/avr8-gnu-toolchain/bin/../lib/gcc/avr/5.4.0/avr5\libgcc.a(_clear_bss.o)
                0x00000076                __do_clear_bss
 *(.init4)
 *(.init5)
 *(.init5)
 *(.init6)
 *(.init6)
 *(.init7)
 *(.init7)
 *(.init8)
 *(.init8)
 *(.init9)
 .init9         0x00000086        0x8 F:/Programs2/7.0/Packs/atmel/ATmega_DFP/1.6.364/gcc/dev/atmega32/avr5/crtatmega32.o
 *(.init9)
 *(.text)
 .text          0x0000008e        0x4 F:/Programs2/7.0/Packs/atmel/ATmega_DFP/1.6.364/gcc/dev/atmega32/avr5/crtatmega32.o
                0x0000008e                __vector_12
                0x0000008e                __bad_interrupt
                0x0000008e                __vector_6
                0x0000008e                __vector_13
                0x0000008e                __vector_17
                0x0000008e                __vector_19
                0x0000008e                __vector_7
                0x0000008e                __vector_5
                0x0000008e                __vector_4
                0x0000008e                __vector_9
                0x0000008e                __vector_15
                0x0000008e                __vector_8
                0x0000008e                __vector_14
                0x0000008e                __vector_16
                0x0000008e                __vector_18
                0x0000008e                __vector_20
                0x00000092                . = ALIGN (0x2)
 *(.text.*)
 .text.Traffic_LedsOff
                0x00000092       0x26 APP/Traffic_Program.o
 .text.Blink_Yellow
                0x000000b8       0x8e APP/Traffic_Program.o
 .text.Delay_5s
                0x00000146       0x38 APP/Traffic_Program.o
                0x00000146                Delay_5s
 .text.Pedestrian_Mode
                0x0000017e       0xc0 APP/Traffic_Program.o
 .text.CallBackFunc
                0x0000023e        0xe APP/Traffic_Program.o
                0x0000023e                CallBackFunc
 .text.Normal_Mode
                0x0000024c       0xa8 APP/Traffic_Program.o
 .text.AppStart
                0x000002f4       0x24 APP/Traffic_Program.o
                0x000002f4                AppStart
 .text.LED_On   0x00000318       0x12 HAL/LED/LED_Program.o
                0x00000318                LED_On
 .text.LED_Off  0x0000032a       0x12 HAL/LED/LED_Program.o
                0x0000032a                LED_Off
 .text.LED_Toggle
                0x0000033c       0x10 HAL/LED/LED_Program.o
                0x0000033c                LED_Toggle
 .text.main     0x0000034c        0xa main.o
                0x0000034c                main
 .text.DIO_InitPin
                0x00000356      0x222 MCAL/DIO/DIO_Program.o
 .text.DIO_Init
                0x00000578       0x22 MCAL/DIO/DIO_Program.o
                0x00000578                DIO_Init
 .text.DIO_WritePin
                0x0000059a      0x128 MCAL/DIO/DIO_Program.o
                0x0000059a                DIO_WritePin
 .text.DIO_TogglePin
                0x000006c2       0x8e MCAL/DIO/DIO_Program.o
                0x000006c2                DIO_TogglePin
 .text.EXI_SetCallBack
                0x00000750       0x2a MCAL/EXTI/EXTI_Program.o
                0x00000750                EXI_SetCallBack
 .text.EXI_Enable
                0x0000077a       0x24 MCAL/EXTI/EXTI_Program.o
                0x0000077a                EXI_Enable
 .text.EXI_TriggerEdge
                0x0000079e       0xc0 MCAL/EXTI/EXTI_Program.o
                0x0000079e                EXI_TriggerEdge
 .text.__vector_1
                0x0000085e       0x52 MCAL/EXTI/EXTI_Program.o
                0x0000085e                __vector_1
 .text.__vector_2
                0x000008b0       0x52 MCAL/EXTI/EXTI_Program.o
                0x000008b0                __vector_2
 .text.__vector_3
                0x00000902       0x52 MCAL/EXTI/EXTI_Program.o
                0x00000902                __vector_3
 .text.Timer0_Init
                0x00000954       0xaa MCAL/TIMRE/TIMER_Program.o
                0x00000954                Timer0_Init
 .text.Timer0_setTCNT0
                0x000009fe        0x6 MCAL/TIMRE/TIMER_Program.o
                0x000009fe                Timer0_setTCNT0
 .text.Timer0_Stop
                0x00000a04        0xa MCAL/TIMRE/TIMER_Program.o
                0x00000a04                Timer0_Stop
 .text.__vector_11
                0x00000a0e       0x52 MCAL/TIMRE/TIMER_Program.o
                0x00000a0e                __vector_11
 .text.__vector_10
                0x00000a60       0x52 MCAL/TIMRE/TIMER_Program.o
                0x00000a60                __vector_10
 .text.libgcc.mul
                0x00000ab2       0x1e f:/programs2/7.0/toolchain/avr8/avr8-gnu-toolchain/bin/../lib/gcc/avr/5.4.0/avr5\libgcc.a(_umulhisi3.o)
                0x00000ab2                __umulhisi3
                0x00000ad0                . = ALIGN (0x2)
 *(.fini9)
 .fini9         0x00000ad0        0x0 f:/programs2/7.0/toolchain/avr8/avr8-gnu-toolchain/bin/../lib/gcc/avr/5.4.0/avr5\libgcc.a(_exit.o)
                0x00000ad0                _exit
                0x00000ad0                exit
 *(.fini9)
 *(.fini8)
 *(.fini8)
 *(.fini7)
 *(.fini7)
 *(.fini6)
 *(.fini6)
 *(.fini5)
 *(.fini5)
 *(.fini4)
 *(.fini4)
 *(.fini3)
 *(.fini3)
 *(.fini2)
 *(.fini2)
 *(.fini1)
 *(.fini1)
 *(.fini0)
 .fini0         0x00000ad0        0x4 f:/programs2/7.0/toolchain/avr8/avr8-gnu-toolchain/bin/../lib/gcc/avr/5.4.0/avr5\libgcc.a(_exit.o)
 *(.fini0)
                0x00000ad4                _etext = .

.data           0x00800060       0x22 load address 0x00000ad4
                0x00800060                PROVIDE (__data_start, .)
 *(.data)
 *(.data*)
 .data.transationState
                0x00800060        0x1 APP/Traffic_Program.o
                0x00800060                transationState
 *(.gnu.linkonce.d*)
 *(.rodata)
 *(.rodata*)
 .rodata.PinsStatusArray
                0x00800061       0x20 MCAL/DIO/DIO_Lcfg.o
                0x00800061                PinsStatusArray
 *(.gnu.linkonce.r*)
                0x00800082                . = ALIGN (0x2)
 *fill*         0x00800081        0x1 
                0x00800082                _edata = .
                0x00800082                PROVIDE (__data_end, .)

.bss            0x00800082        0xd
                0x00800082                PROVIDE (__bss_start, .)
 *(.bss)
 *(.bss*)
 .bss.mode      0x00800082        0x1 APP/Traffic_Program.o
                0x00800082                mode
 .bss.flag      0x00800083        0x1 APP/Traffic_Program.o
                0x00800083                flag
 .bss.INT2_Fptr
                0x00800084        0x2 MCAL/EXTI/EXTI_Program.o
 .bss.INT1_Fptr
                0x00800086        0x2 MCAL/EXTI/EXTI_Program.o
 .bss.INT0_Fptr
                0x00800088        0x2 MCAL/EXTI/EXTI_Program.o
 .bss.Timer0_OC_Fptr
                0x0080008a        0x2 MCAL/TIMRE/TIMER_Program.o
 .bss.Timer0_OVF_Fptr
                0x0080008c        0x2 MCAL/TIMRE/TIMER_Program.o
 *(COMMON)
 COMMON         0x0080008e        0x1 APP/Traffic_Program.o
                0x0080008e                carLedState
                0x0080008f                PROVIDE (__bss_end, .)
                0x00000ad4                __data_load_start = LOADADDR (.data)
                0x00000af6                __data_load_end = (__data_load_start + SIZEOF (.data))

.noinit         0x0080008f        0x0
                [!provide]                PROVIDE (__noinit_start, .)
 *(.noinit*)
                [!provide]                PROVIDE (__noinit_end, .)
                0x0080008f                _end = .
                [!provide]                PROVIDE (__heap_start, .)

.eeprom         0x00810000        0x0
 *(.eeprom*)
                0x00810000                __eeprom_end = .

.fuse
 *(.fuse)
 *(.lfuse)
 *(.hfuse)
 *(.efuse)

.lock
 *(.lock*)

.signature
 *(.signature*)

.user_signatures
 *(.user_signatures*)

.stab
 *(.stab)

.stabstr
 *(.stabstr)

.stab.excl
 *(.stab.excl)

.stab.exclstr
 *(.stab.exclstr)

.stab.index
 *(.stab.index)

.stab.indexstr
 *(.stab.indexstr)

.comment        0x00000000       0x30
 *(.comment)
 .comment       0x00000000       0x30 APP/Traffic_Program.o
                                 0x31 (size before relaxing)
 .comment       0x00000030       0x31 HAL/LED/LED_Program.o
 .comment       0x00000030       0x31 main.o
 .comment       0x00000030       0x31 MCAL/DIO/DIO_Lcfg.o
 .comment       0x00000030       0x31 MCAL/DIO/DIO_Program.o
 .comment       0x00000030       0x31 MCAL/EXTI/EXTI_Program.o
 .comment       0x00000030       0x31 MCAL/TIMRE/TIMER_Program.o

.note.gnu.avr.deviceinfo
                0x00000000       0x3c
 .note.gnu.avr.deviceinfo
                0x00000000       0x3c F:/Programs2/7.0/Packs/atmel/ATmega_DFP/1.6.364/gcc/dev/atmega32/avr5/crtatmega32.o

.note.gnu.build-id
 *(.note.gnu.build-id)

.debug
 *(.debug)

.line
 *(.line)

.debug_srcinfo
 *(.debug_srcinfo)

.debug_sfnames
 *(.debug_sfnames)

.debug_aranges  0x00000000      0x1c0
 *(.debug_aranges)
 .debug_aranges
                0x00000000       0x50 APP/Traffic_Program.o
 .debug_aranges
                0x00000050       0x30 HAL/LED/LED_Program.o
 .debug_aranges
                0x00000080       0x20 main.o
 .debug_aranges
                0x000000a0       0x18 MCAL/DIO/DIO_Lcfg.o
 .debug_aranges
                0x000000b8       0x40 MCAL/DIO/DIO_Program.o
 .debug_aranges
                0x000000f8       0x50 MCAL/EXTI/EXTI_Program.o
 .debug_aranges
                0x00000148       0x78 MCAL/TIMRE/TIMER_Program.o

.debug_pubnames
 *(.debug_pubnames)

.debug_info     0x00000000     0x1b8c
 *(.debug_info .gnu.linkonce.wi.*)
 .debug_info    0x00000000      0x4e6 F:/Programs2/7.0/Packs/atmel/ATmega_DFP/1.6.364/gcc/dev/atmega32/avr5/crtatmega32.o
 .debug_info    0x000004e6      0x877 APP/Traffic_Program.o
 .debug_info    0x00000d5d      0x2a4 HAL/LED/LED_Program.o
 .debug_info    0x00001001       0x9e main.o
 .debug_info    0x0000109f      0x186 MCAL/DIO/DIO_Lcfg.o
 .debug_info    0x00001225      0x3fe MCAL/DIO/DIO_Program.o
 .debug_info    0x00001623      0x1fe MCAL/EXTI/EXTI_Program.o
 .debug_info    0x00001821      0x36b MCAL/TIMRE/TIMER_Program.o

.debug_abbrev   0x00000000      0xaa4
 *(.debug_abbrev)
 .debug_abbrev  0x00000000      0x4a3 F:/Programs2/7.0/Packs/atmel/ATmega_DFP/1.6.364/gcc/dev/atmega32/avr5/crtatmega32.o
 .debug_abbrev  0x000004a3      0x143 APP/Traffic_Program.o
 .debug_abbrev  0x000005e6       0xb2 HAL/LED/LED_Program.o
 .debug_abbrev  0x00000698       0x65 main.o
 .debug_abbrev  0x000006fd       0x6a MCAL/DIO/DIO_Lcfg.o
 .debug_abbrev  0x00000767      0x143 MCAL/DIO/DIO_Program.o
 .debug_abbrev  0x000008aa       0xb5 MCAL/EXTI/EXTI_Program.o
 .debug_abbrev  0x0000095f      0x145 MCAL/TIMRE/TIMER_Program.o

.debug_line     0x00000000      0xf59
 *(.debug_line .debug_line.* .debug_line_end)
 .debug_line    0x00000000      0x116 F:/Programs2/7.0/Packs/atmel/ATmega_DFP/1.6.364/gcc/dev/atmega32/avr5/crtatmega32.o
 .debug_line    0x00000116      0x3de APP/Traffic_Program.o
 .debug_line    0x000004f4       0xe7 HAL/LED/LED_Program.o
 .debug_line    0x000005db       0x6a main.o
 .debug_line    0x00000645       0x47 MCAL/DIO/DIO_Lcfg.o
 .debug_line    0x0000068c      0x3e6 MCAL/DIO/DIO_Program.o
 .debug_line    0x00000a72      0x228 MCAL/EXTI/EXTI_Program.o
 .debug_line    0x00000c9a      0x2bf MCAL/TIMRE/TIMER_Program.o

.debug_frame    0x00000000      0x438
 *(.debug_frame)
 .debug_frame   0x00000000       0x90 APP/Traffic_Program.o
 .debug_frame   0x00000090       0x44 HAL/LED/LED_Program.o
 .debug_frame   0x000000d4       0x24 main.o
 .debug_frame   0x000000f8       0x6c MCAL/DIO/DIO_Program.o
 .debug_frame   0x00000164      0x15c MCAL/EXTI/EXTI_Program.o
 .debug_frame   0x000002c0      0x178 MCAL/TIMRE/TIMER_Program.o

.debug_str      0x00000000      0x9f4
 *(.debug_str)
 .debug_str     0x00000000      0x196 F:/Programs2/7.0/Packs/atmel/ATmega_DFP/1.6.364/gcc/dev/atmega32/avr5/crtatmega32.o
 .debug_str     0x00000196      0x4c4 APP/Traffic_Program.o
                                0x4f8 (size before relaxing)
 .debug_str     0x0000065a       0x73 HAL/LED/LED_Program.o
                                0x30e (size before relaxing)
 .debug_str     0x000006cd       0x11 main.o
                                0x1c9 (size before relaxing)
 .debug_str     0x000006de       0x5a MCAL/DIO/DIO_Lcfg.o
                                0x2d4 (size before relaxing)
 .debug_str     0x00000738       0x88 MCAL/DIO/DIO_Program.o
                                0x399 (size before relaxing)
 .debug_str     0x000007c0       0xa2 MCAL/EXTI/EXTI_Program.o
                                0x2cd (size before relaxing)
 .debug_str     0x00000862      0x192 MCAL/TIMRE/TIMER_Program.o
                                0x484 (size before relaxing)

.debug_loc      0x00000000     0x1218
 *(.debug_loc)
 .debug_loc     0x00000000       0x77 APP/Traffic_Program.o
 .debug_loc     0x00000077       0xc0 HAL/LED/LED_Program.o
 .debug_loc     0x00000137      0x94b MCAL/DIO/DIO_Program.o
 .debug_loc     0x00000a82      0x422 MCAL/EXTI/EXTI_Program.o
 .debug_loc     0x00000ea4      0x374 MCAL/TIMRE/TIMER_Program.o

.debug_macinfo
 *(.debug_macinfo)

.debug_weaknames
 *(.debug_weaknames)

.debug_funcnames
 *(.debug_funcnames)

.debug_typenames
 *(.debug_typenames)

.debug_varnames
 *(.debug_varnames)

.debug_pubtypes
 *(.debug_pubtypes)

.debug_ranges   0x00000000      0x148
 *(.debug_ranges)
 .debug_ranges  0x00000000       0x40 APP/Traffic_Program.o
 .debug_ranges  0x00000040       0x20 HAL/LED/LED_Program.o
 .debug_ranges  0x00000060       0x10 main.o
 .debug_ranges  0x00000070       0x30 MCAL/DIO/DIO_Program.o
 .debug_ranges  0x000000a0       0x40 MCAL/EXTI/EXTI_Program.o
 .debug_ranges  0x000000e0       0x68 MCAL/TIMRE/TIMER_Program.o

.debug_macro
 *(.debug_macro)
OUTPUT(On-demand Traffic Light.elf elf32-avr)
LOAD linker stubs
